[sjvn.nic.in/index.html]
[backblue.gif]
[fade.gif]
[index.html]
[sjvn.nic.in/assets/css/icon-moon.css]
[sjvn.nic.in/assets/css/bootstrap.min.css]
[sjvn.nic.in/assets/css/menu.css]
[sjvn.nic.in/assets/css/slick.css]
[sjvn.nic.in/assets/css/style.css]
[sjvn.nic.in/assets/css/theme-green.css]
[sjvn.nic.in/assets/css/theme-purple.css]
[sjvn.nic.in/assets/css/theme-darkgreen.css]
[sjvn.nic.in/assets/css/theme-navyblue.css]
[sjvn.nic.in/assets/css/responsive.css]
[sjvn.nic.in/assets/css/nanoscroller.css]
[sjvn.nic.in/assets/images/favicon3860.ico]
[sjvn.nic.in/assets/images/logo.png]
[sjvnindia.com/UploadFiles/HomeBanner/1_1_1_85018094.jpg]
[sjvnindia.com/UploadFiles/HomeBanner/1_1_1_1_xyakAi0_822447289_1568255934.jpg]
[sjvnindia.com/UploadFiles/HomeBanner/1_1_cvc logonew_1977091852.jpg]
[sjvnindia.com/UploadFiles/HomeBanner/1_1_AKAM2_1875396807.jpg]
[sjvnindia.com/UploadFiles/HomeBanner/1_1_web_362316032.jpg]
[sjvnindia.com/UploadFiles/HomeBanner/1_1_1_1463726252.jpg]
[sjvnindia.com/UploadFiles/HomeBanner/1_1_2_1664182148.jpg]
[sjvnindia.com/UploadFiles/HomeBanner/1_1_5_967978944.jpg]
[sjvnindia.com/UploadFiles/HomeBanner/1_1_3_438084303.jpg]
[sjvnindia.com/UploadFiles/HomeBanner/1_1_4_1025776446.jpg]
[sjvnindia.com/UploadFiles/HomeBanner/1_1_8_1654085406.jpg]
[sjvnindia.com/UploadFiles/HomeBanner/1_1_web 1_863837121.jpg]
[sjvnindia.com/UploadFiles/HomeBanner/1_1_12_1406655949.jpg]
[sjvnindia.com/UploadFiles/HomeBanner/1_1_223408193_1693133857540527_8942468671129199232_n_1685232574.jpg]
[sjvnindia.com/UploadFiles/HomeBanner/1_1_15_2007667331.jpg]
[sjvn.nic.in/assets/images/about-us1.jpg]
[sjvn.nic.in/assets/images/image2.jpg]
[sjvn.nic.in/assets/images/image3.jpg]
[sjvn.nic.in/assets/images/chairman_corner.jpg]
[sjvn.nic.in/latest-updates-detail/1921/120.html]
[sjvn.nic.in/latest-updates-detail/1920/120.html]
[sjvn.nic.in/latest-updates-detail/1919/120.html]
[sjvn.nic.in/latest-updates-detail/1918/120.html]
[sjvn.nic.in/latest-updates-detail/1917/120.html]
[sjvn.nic.in/latest-updates-detail/1915/120.html]
[sjvn.nic.in/latest-updates-detail/1913/120.html]
[sjvn.nic.in/latest-updates-detail/1916/120.html]
[sjvn.nic.in/latest-updates-detail/1914/120.html]
[sjvn.nic.in/latest-updates-detail/1912/120.html]
[sjvn.nic.in/latest-updates-detail/1911/120.html]
[sjvn.nic.in/latest-updates-detail/1903/120.html]
[sjvn.nic.in/latest-updates-detail/1902/120.html]
[sjvn.nic.in/latest-updates-detail/1901/120.html]
[sjvn.nic.in/latest-updates-detail/1906/120.html]
[sjvn.nic.in/latest-updates-detail/1910/120.html]
[sjvn.nic.in/latest-updates-detail/1909/120.html]
[sjvn.nic.in/latest-updates-detail/1908/120.html]
[sjvn.nic.in/latest-updates-detail/1907/120.html]
[sjvn.nic.in/latest-updates-detail/1905/120.html]
[sjvn.nic.in/latest-updates-detail/1904/120.html]
[sjvn.nic.in/latest-updates-detail/1899/120.html]
[sjvn.nic.in/latest-updates-detail/1900/120.html]
[sjvn.nic.in/latest-updates-detail/1898/120.html]
[sjvn.nic.in/latest-updates-detail/1897/120.html]
[sjvn.nic.in/latest-updates-detail/1895/120.html]
[sjvn.nic.in/latest-updates-detail/1894/120.html]
[sjvn.nic.in/latest-updates-detail/1892/120.html]
[sjvn.nic.in/latest-updates-detail/1891/120.html]
[sjvn.nic.in/latest-updates-detail/1889/120.html]
[sjvn.nic.in/latest-updates-detail/1888/120.html]
[sjvn.nic.in/latest-updates-detail/1887/120.html]
[sjvn.nic.in/latest-updates-detail/1886/120.html]
[sjvn.nic.in/latest-updates-detail/1884/120.html]
[sjvn.nic.in/latest-updates-detail/1883/120.html]
[sjvn.nic.in/latest-updates-detail/1880/120.html]
[sjvn.nic.in/latest-updates-detail/1855/120.html]
[sjvn.nic.in/latest-updates-detail/1854/120.html]
[sjvn.nic.in/latest-updates-detail/1853/120.html]
[sjvn.nic.in/latest-updates-detail/1852/120.html]
[sjvn.nic.in/latest-updates-detail/1851/120.html]
[sjvn.nic.in/latest-updates-detail/1847/120.html]
[sjvn.nic.in/latest-updates-detail/1849/120.html]
[sjvn.nic.in/latest-updates-detail/1848/120.html]
[sjvn.nic.in/latest-updates-detail/1846/120.html]
[sjvn.nic.in/latest-updates-detail/1844/120.html]
[sjvn.nic.in/latest-updates-detail/1843/120.html]
[sjvn.nic.in/latest-updates-detail/1840/120.html]
[sjvn.nic.in/latest-updates-detail/1839/120.html]
[sjvn.nic.in/latest-updates-detail/1838/120.html]
[sjvn.nic.in/latest-updates-detail/1836/120.html]
[sjvn.nic.in/latest-updates-detail/1837/120.html]
[sjvn.nic.in/latest-updates-detail/1835/120.html]
[sjvn.nic.in/latest-updates-detail/1834/120.html]
[sjvn.nic.in/latest-updates-detail/1833/120.html]
[sjvn.nic.in/latest-updates-detail/1832/120.html]
[sjvn.nic.in/latest-updates-detail/1831/120.html]
[sjvn.nic.in/latest-updates-detail/1830/120.html]
[sjvn.nic.in/latest-updates-detail/1829/120.html]
[sjvn.nic.in/latest-updates-detail/1828/120.html]
[sjvn.nic.in/latest-updates-detail/1826/120.html]
[sjvn.nic.in/latest-updates-detail/1827/120.html]
[sjvn.nic.in/latest-updates-detail/1825/120.html]
[sjvn.nic.in/latest-updates-detail/1882/120.html]
[sjvn.nic.in/latest-updates-detail/1881/120.html]
[sjvn.nic.in/latest-updates-detail/1878/120.html]
[sjvn.nic.in/latest-updates-detail/1877/120.html]
[sjvn.nic.in/latest-updates-detail/1879/120.html]
[sjvn.nic.in/latest-updates-detail/1876/120.html]
[sjvn.nic.in/latest-updates-detail/1875/120.html]
[sjvn.nic.in/latest-updates-detail/1874/120.html]
[sjvn.nic.in/latest-updates-detail/1873/120.html]
[sjvn.nic.in/latest-updates-detail/1872/120.html]
[sjvn.nic.in/latest-updates-detail/1871/120.html]
[sjvn.nic.in/latest-updates-detail/1870/120.html]
[sjvn.nic.in/latest-updates-detail/1869/120.html]
[sjvn.nic.in/latest-updates-detail/1868/120.html]
[sjvn.nic.in/latest-updates-detail/1867/120.html]
[sjvn.nic.in/latest-updates-detail/1866/120.html]
[sjvn.nic.in/latest-updates-detail/1865/120.html]
[sjvn.nic.in/latest-updates-detail/1864/120.html]
[sjvn.nic.in/latest-updates-detail/1863/120.html]
[sjvn.nic.in/latest-updates-detail/1862/120.html]
[sjvn.nic.in/latest-updates-detail/1861/120.html]
[sjvn.nic.in/latest-updates-detail/1857/120.html]
[sjvn.nic.in/latest-updates-detail/1860/120.html]
[sjvn.nic.in/latest-updates-detail/1859/120.html]
[sjvn.nic.in/latest-updates-detail/1858/120.html]
[sjvn.nic.in/latest-updates-detail/1856/120.html]
[sjvn.nic.in/latest-updates-detail/1816/120.html]
[sjvn.nic.in/latest-updates-detail/1817/120.html]
[sjvn.nic.in/latest-updates-detail/1818/120.html]
[sjvn.nic.in/latest-updates-detail/1819/120.html]
[sjvn.nic.in/latest-updates-detail/1824/120.html]
[sjvn.nic.in/latest-updates-detail/1762/120.html]
[sjvn.nic.in/latest-updates-detail/1771/120.html]
[sjvn.nic.in/latest-updates-detail/1811/120.html]
[sjvn.nic.in/latest-updates-detail/1810/120.html]
[sjvn.nic.in/latest-updates-detail/1809/120.html]
[sjvn.nic.in/latest-updates-detail/1808/120.html]
[sjvn.nic.in/latest-updates-detail/1807/120.html]
[sjvn.nic.in/latest-updates-detail/1806/120.html]
[sjvn.nic.in/latest-updates-detail/1805/120.html]
[sjvn.nic.in/latest-updates-detail/1801/120.html]
[sjvn.nic.in/latest-updates-detail/1799/120.html]
[sjvn.nic.in/latest-updates-detail/1798/120.html]
[sjvn.nic.in/latest-updates-detail/1773/120.html]
[sjvn.nic.in/latest-updates-detail/1774/120.html]
[sjvn.nic.in/latest-updates-detail/1776/120.html]
[sjvn.nic.in/latest-updates-detail/1785/120.html]
[sjvn.nic.in/latest-updates-detail/1782/120.html]
[sjvn.nic.in/latest-updates-detail/1769/120.html]
[sjvn.nic.in/latest-updates-detail/278/120.html]
[sjvn.nic.in/latest-updates-detail/282/120.html]
[sjvn.nic.in/latest-updates/120.html]
[sjvn.nic.in/notification/0.html]
[sjvnindia.com/UploadFiles/Page/0_2_930074235_MenuImage_thermal-power.jpg]
[sjvn.nic.in/thermalpower/27.html]
[sjvnindia.com/UploadFiles/Page/0_2_1833882108_MenuImage_Hydro-power.jpg]
[sjvn.nic.in/hydropower/28.html]
[sjvnindia.com/UploadFiles/Page/0_2_1863920576_MenuImage_wind-power.jpg]
[sjvn.nic.in/windpower/29.html]
[sjvnindia.com/UploadFiles/Page/0_2_1661768327_MenuImage_solar-power.jpg]
[sjvn.nic.in/solarpower/30.html]
[sjvnindia.com/UploadFiles/Page/0_2_1296171428_MenuImage_power-transmission.jpg]
[sjvn.nic.in/powertransmission/31.html]
[sjvnindia.com/UploadFiles/Page/0_2_1698706493_MenuImage_consultancy.jpg]
[sjvn.nic.in/consultancy/32.html]
[sjvn.nic.in/rti/88.html]
[sjvnindia.com/UploadFiles/Page/0_1_901360341_MenuImage_right_info.jpg]
[sjvn.nic.in/integrity-pact/92.html]
[sjvnindia.com/UploadFiles/Page/0_2_1608382255_MenuImage_integritypactprogram.jpg]
[sjvn.nic.in/tender-notice/97.html]
[sjvnindia.com/UploadFiles/Page/0_1_1251711376_MenuImage_tender-registraion.jpg]
[sjvn.nic.in/formsandformats/111.html]
[sjvnindia.com/UploadFiles/Page/0_1_2073869229_MenuImage_retaired_corner.jpg]
[sjvnindia.com/UploadFiles/Page/0_1_804256658_MenuImage_labour_info.jpg]
[sjvn.nic.in/current-jobs/117.html]
[sjvnindia.com/UploadFiles/Page/0_1_1291712745_MenuImage_career.jpg]
[sjvnindia.com/UploadFiles/Page/award.jpg]
[sjvnindia.com/UploadFiles/Page/vendor-tracking-system.jpg]
[sjvnindia.com/UploadFiles/Page/0_1_965394251_MenuImage_Rashtragaan.jpg]
[sjvn.nic.in/assets/images/footer-logo.png]
[sjvn.nic.in/assets/images/w3c-css.png]
[sjvn.nic.in/assets/images/w3c-html.png]
[sjvn.nic.in/assets/images/pcmm.png]
[sjvn.nic.in/Footer/GetPCMM.html]
[sjvn.nic.in/lib/jquery/dist/jquery.min.js]
[sjvn.nic.in/lib/bootstrap/dist/js/bootstrap.bundle.min.js]
[sjvn.nic.in/js/site95be.js]
[sjvn.nic.in/assets/js/popper.min.js]
[sjvn.nic.in/assets/js/bootstrap.min.js]
[sjvn.nic.in/assets/js/slick.min.js]
[sjvn.nic.in/assets/js/jquery.nanoscroller.js]
[sjvn.nic.in/assets/js/custom.js]
[sjvn.nic.in/index.html]
[sjvn.nic.in/assets/js/custom/common.js]
[sjvn.nic.in/assets/fonts-icon/icomoon4fa7.eot]
[sjvn.nic.in/assets/fonts-icon/icomoon4fa7.ttf]
[sjvn.nic.in/assets/fonts-icon/icomoon4fa7.woff]
[sjvn.nic.in/assets/fonts-icon/menu-iconefe6.eot]
[sjvn.nic.in/assets/fonts-icon/menu-iconefe6.ttf]
[sjvn.nic.in/assets/fonts-icon/menu-iconefe6.woff]
[sjvn.nic.in/assets/fonts-icon/iconlist8f65.eot]
[sjvn.nic.in/assets/fonts-icon/iconlist8f65.ttf]
[sjvn.nic.in/assets/fonts-icon/iconlist8f65.woff]
[sjvn.nic.in/assets/css/icon-moon.css]
[sjvn.nic.in/assets/css/bootstrap.min.css]
[sjvn.nic.in/assets/css/menu.css]
[sjvn.nic.in/assets/css/slick.css]
[sjvn.nic.in/assets/images/our_business.png]
[sjvn.nic.in/assets/images/stock-arrow.png]
[sjvn.nic.in/assets/images/about_page_img.png]
[sjvn.nic.in/assets/images/logo-icon_2.png]
[sjvn.nic.in/assets/images/logo-bg.png]
[sjvn.nic.in/assets/css/style.css]
[sjvn.nic.in/assets/css/theme-green.css]
[sjvn.nic.in/assets/css/theme-purple.css]
[sjvn.nic.in/assets/css/theme-darkgreen.css]
[sjvn.nic.in/assets/css/theme-navyblue.css]
[sjvn.nic.in/assets/css/responsive.css]
[sjvn.nic.in/assets/css/nanoscroller.css]
[sjvn.nic.in/screenreader/ getscreenreaderdata.html]
[sjvn.nic.in/assets/css/custom/common.css]
[sjvn.nic.in/screen-reader-access.html]
[sjvn.nic.in/assets/images/LOGO-SJVN.png]
[sjvn.nic.in/assets/images/press-releases.jpg]
[sjvn.nic.in/Home.html]
[sjvnindia.com/UploadFiles/NewsPressFiles/Health Talk_857475302.jpg]
[sjvn.nic.in/assets/js/validation/jquery.validate.min.js]
[sjvn.nic.in/assets/js/jquery.magnific-popup.min.js]
[www.google.com/recaptcha/api.js]
[sjvn.nic.in/latest-updates-detail/1921/120.html]
[sjvn.nic.in/assets/images/No-image(1).png]
[sjvn.nic.in/latest-updates-detail/1920/120.html]
[sjvn.nic.in/latest-updates-detail/1919/120.html]
[sjvnindia.com/UploadFiles/NewsPressFiles/Sh. Nand Lal Sharma, CMD, SJVN_1082385531.jpg]
[sjvn.nic.in/latest-updates-detail/1918/120.html]
[sjvnindia.com/UploadFiles/NewsPressFiles/Press-2_310842311.jpg]
[sjvn.nic.in/latest-updates-detail/1917/120.html]
[sjvnindia.com/UploadFiles/NewsPressFiles/Sh. Nand Lal Sharma, CMD, SJVN_1616115538.jpg]
[sjvn.nic.in/latest-updates-detail/1915/120.html]
[sjvnindia.com/UploadFiles/NewsPressFiles/MoU Signing Ceremony (1)_2022803591.jpg]
[sjvn.nic.in/latest-updates-detail/1913/120.html]
[sjvnindia.com/UploadFiles/NewsPressFiles/Sh. Nand Lal Sharma, CMD, SJVN_1760554763.jpg]
[sjvn.nic.in/latest-updates-detail/1916/120.html]
[sjvnindia.com/UploadFiles/NewsPressFiles/Sh. Nand Lal Sharma, CMD, SJVN_1852045286.jpg]
[sjvn.nic.in/latest-updates-detail/1914/120.html]
[sjvnindia.com/UploadFiles/NewsPressFiles/Sh. Nand Lal Sharma, CMD, SJVN_1736236719.jpg]
[sjvn.nic.in/latest-updates-detail/1912/120.html]
[sjvnindia.com/UploadFiles/NewsPressFiles/Smt. Kapur felicitiated by Hon'ble CM_1472696649.jpg]
[sjvn.nic.in/latest-updates-detail/1911/120.html]
[sjvnindia.com/UploadFiles/NewsPressFiles/CMD & CM_2007068324.jpg]
[sjvn.nic.in/latest-updates-detail/1903/120.html]
[sjvnindia.com/UploadFiles/NewsPressFiles/WhatsApp Image 2022-07-29 at 3.11.12 PM_780005627.jpg]
[sjvn.nic.in/latest-updates-detail/1902/120.html]
[sjvnindia.com/UploadFiles/NewsPressFiles/WhatsApp Image 2022-07-28 at 3.03.33 PM_1231251612.jpg]
[sjvn.nic.in/latest-updates-detail/1901/120.html]
[sjvnindia.com/UploadFiles/NewsPressFiles/Chairman & Managing Director, SJVN Sh. Nand Lal Sharma (1) (2)_443705926.jpg]
[sjvn.nic.in/latest-updates-detail/1906/120.html]
[sjvnindia.com/UploadFiles/NewsPressFiles/Chairman & Managing Director, SJVN Sh. Nand Lal Sharma (1) (2)_1634076245.jpg]
[sjvn.nic.in/latest-updates-detail/1910/120.html]
[sjvn.nic.in/latest-updates-detail/1909/120.html]
[sjvnindia.com/UploadFiles/NewsPressFiles/CMD SJVN Unfurling Flag (1)_546814352.jpg]
[sjvn.nic.in/latest-updates-detail/1908/120.html]
[sjvnindia.com/UploadFiles/NewsPressFiles/Chairman & Managing Director, SJVN Sh. Nand Lal Sharma (1) (2)_1310738986.jpg]
[sjvn.nic.in/latest-updates-detail/1907/120.html]
[sjvnindia.com/UploadFiles/NewsPressFiles/SJVN signs PPA for its first Floating Solar Project in Madhya Pradesh 1_313097378.jpg]
[sjvn.nic.in/latest-updates-detail/1905/120.html]
[sjvnindia.com/UploadFiles/NewsPressFiles/Chairman & Managing Director, SJVN Sh. Nand Lal Sharma (1) (2)_1353167445.jpg]
[sjvn.nic.in/latest-updates-detail/1904/120.html]
[sjvnindia.com/UploadFiles/NewsPressFiles/Chairman & Managing Director, SJVN Sh. Nand Lal Sharma (1) (2)_1484607881.jpg]
[sjvn.nic.in/latest-updates-detail/1899/120.html]
[sjvnindia.com/UploadFiles/NewsPressFiles/WhatsApp Image 2022-07-27 at 1.43.55 PM_2044825858.jpg]
[sjvn.nic.in/latest-updates-detail/1900/120.html]
[sjvnindia.com/UploadFiles/NewsPressFiles/WhatsApp Image 2022-07-26 at 3.50.26 PM_595906296.jpg]
[sjvn.nic.in/latest-updates-detail/1898/120.html]
[sjvnindia.com/UploadFiles/NewsPressFiles/2_383301414.jpg]
[sjvn.nic.in/latest-updates-detail/1897/120.html]
[sjvnindia.com/UploadFiles/NewsPressFiles/Sh. Nand Lal Sharma, CMD, SJVN_124646395.jpg]
[sjvn.nic.in/latest-updates-detail/1895/120.html]
[sjvnindia.com/UploadFiles/NewsPressFiles/D(P), Mrs Geeta Kapur & Mrs Anju Bala_475320713.jpg]
[sjvn.nic.in/latest-updates-detail/1894/120.html]
[sjvnindia.com/UploadFiles/NewsPressFiles/Chairman & Managing Director, SJVN Sh. Nand Lal Sharma (1) (1)_348998987.jpg]
[sjvn.nic.in/latest-updates-detail/1892/120.html]
[sjvnindia.com/UploadFiles/NewsPressFiles/CMD SJVN AT THE EVENT_1683874849.jpg]
[sjvn.nic.in/latest-updates-detail/1891/120.html]
[sjvn.nic.in/latest-updates-detail/1889/120.html]
[sjvnindia.com/UploadFiles/NewsPressFiles/Chairman & Managing Director, SJVN Sh. Nand Lal Sharma (1) (2)_976127673.jpg]
[sjvn.nic.in/latest-updates-detail/1888/120.html]
[sjvnindia.com/UploadFiles/NewsPressFiles/DSC_3689 (1)_1905301337.jpg]
[sjvn.nic.in/latest-updates-detail/1887/120.html]
[sjvnindia.com/UploadFiles/NewsPressFiles/Chairman & Managing Director, SJVN Sh. Nand Lal Sharma (1) (1)_1038081936.jpg]
[sjvn.nic.in/latest-updates-detail/1886/120.html]
[sjvnindia.com/UploadFiles/NewsPressFiles/Chairman & Managing Director, SJVN Sh. Nand Lal Sharma (1) (1)_1395338806.jpg]
[sjvn.nic.in/latest-updates-detail/1884/120.html]
[sjvnindia.com/UploadFiles/NewsPressFiles/Sh NL Sharma receiving Swachhta Pakhwada Award 2022_6911797.jpg]
[sjvn.nic.in/latest-updates-detail/1883/120.html]
[sjvnindia.com/UploadFiles/NewsPressFiles/Chairman & Managing Director, SJVN Sh. Nand Lal Sharma (1) (1)_2068443430.jpg]
[sjvn.nic.in/latest-updates-detail/1880/120.html]
[sjvnindia.com/UploadFiles/NewsPressFiles/CMD, SJVN, Sh, Nand Lal Sharma_550332283.jpg]
[sjvn.nic.in/latest-updates-detail/1855/120.html]
[sjvnindia.com/UploadFiles/NewsPressFiles/1 (2)_581273173.jpg]
[sjvn.nic.in/latest-updates-detail/1854/120.html]
[sjvnindia.com/UploadFiles/NewsPressFiles/CMD SJVN at 60 MW Naitwar Mori HEP_1780339103.jpg]
[sjvn.nic.in/latest-updates-detail/1853/120.html]
[sjvnindia.com/UploadFiles/NewsPressFiles/CIDC- Award_1891292823.jpg]
[sjvn.nic.in/latest-updates-detail/1852/120.html]
[sjvnindia.com/UploadFiles/NewsPressFiles/IMG-20220403-WA0009_398999321.jpg]
[sjvn.nic.in/latest-updates-detail/1851/120.html]
[sjvnindia.com/UploadFiles/NewsPressFiles/CMD, SJVN_1201071420.jpg]
[sjvn.nic.in/latest-updates-detail/1847/120.html]
[sjvnindia.com/UploadFiles/NewsPressFiles/CMD SJVN handing over Cheque to Hon'ble CM_1721676789.jpg]
[sjvn.nic.in/latest-updates-detail/1849/120.html]
[sjvnindia.com/UploadFiles/NewsPressFiles/2_650742349.jpg]
[sjvn.nic.in/latest-updates-detail/1848/120.html]
[sjvnindia.com/UploadFiles/NewsPressFiles/CMD SJVN during Sahaurd (3)_1365742690.jpg]
[sjvn.nic.in/latest-updates-detail/1846/120.html]
[sjvnindia.com/UploadFiles/NewsPressFiles/Chairman & Managing Director, SJVN Sh. Nand Lal Sharma (1)_1363831965.jpg]
[sjvn.nic.in/latest-updates-detail/1844/120.html]
[sjvnindia.com/UploadFiles/NewsPressFiles/Chairman & Managing Director, SJVN Sh. Nand Lal Sharma (1)_407698726.jpg]
[sjvn.nic.in/latest-updates-detail/1843/120.html]
[sjvnindia.com/UploadFiles/NewsPressFiles/IWD 2022 at SJVN_1615237497.jpg]
[sjvn.nic.in/latest-updates-detail/1840/120.html]
[sjvnindia.com/UploadFiles/NewsPressFiles/Chairman & Managing Director, SJVN Sh. Nand Lal Sharma (1)_567987714.jpg]
[sjvn.nic.in/latest-updates-detail/1839/120.html]
[sjvnindia.com/UploadFiles/NewsPressFiles/Chairman & Managing Director, SJVN Sh. Nand Lal Sharma (1)_975065165.jpg]
[sjvn.nic.in/latest-updates-detail/1838/120.html]
[sjvnindia.com/UploadFiles/NewsPressFiles/CMD, SJVN (1)_1035964387.jpg]
[sjvn.nic.in/latest-updates-detail/1836/120.html]
[sjvnindia.com/UploadFiles/NewsPressFiles/IMMV9493_322606928.jpg]
[sjvn.nic.in/latest-updates-detail/1837/120.html]
[sjvnindia.com/UploadFiles/NewsPressFiles/CMD, SJVN (1)_1215408221.jpg]
[sjvn.nic.in/latest-updates-detail/1835/120.html]
[sjvnindia.com/UploadFiles/NewsPressFiles/1 (1)_275744284.jpg]
[sjvn.nic.in/latest-updates-detail/1834/120.html]
[sjvnindia.com/UploadFiles/NewsPressFiles/Loan Agreement Signing Ceremony_566472411.jpg]
[sjvn.nic.in/latest-updates-detail/1833/120.html]
[sjvnindia.com/UploadFiles/NewsPressFiles/Foundation Stone Laying Ceremony (2)_1870593712.jpg]
[sjvn.nic.in/latest-updates-detail/1832/120.html]
[sjvnindia.com/UploadFiles/NewsPressFiles/SJVN signs MOU with REIL_2002339187.jpg]
[sjvn.nic.in/latest-updates-detail/1831/120.html]
[sjvnindia.com/UploadFiles/NewsPressFiles/CMD SJVN Ingurating River Diversion Works._398939535.jpg]
[sjvn.nic.in/latest-updates-detail/1830/120.html]
[sjvnindia.com/UploadFiles/NewsPressFiles/Contract Signing Ceremony_2033664929.jpg]
[sjvn.nic.in/latest-updates-detail/1829/120.html]
[sjvnindia.com/UploadFiles/NewsPressFiles/CMD SJVN SH. Nand Lal Sharma (1)_1983427603.jpg]
[sjvn.nic.in/latest-updates-detail/1828/120.html]
[sjvnindia.com/UploadFiles/NewsPressFiles/CMD sh NL Sharma signing LOI with Govt of rajasthan_1378666212.jpg]
[sjvn.nic.in/latest-updates-detail/1826/120.html]
[sjvnindia.com/UploadFiles/NewsPressFiles/CMD SJVN SH. Nand Lal Sharma_1406028493.jpg]
[sjvn.nic.in/latest-updates-detail/1827/120.html]
[sjvnindia.com/UploadFiles/NewsPressFiles/CMD SJVN SH. Nand Lal Sharma (1)_612409847.jpg]
[sjvn.nic.in/latest-updates-detail/1825/120.html]
[sjvnindia.com/UploadFiles/NewsPressFiles/Chairman & Managing Director, SJVN Sh. Nand Lal Sharma (1)_1341032519.jpg]
[sjvn.nic.in/latest-updates-detail/1882/120.html]
[sjvnindia.com/UploadFiles/NewsPressFiles/Sh NL Sharma during inaugration of DT_1743105438.jpg]
[sjvn.nic.in/latest-updates-detail/1881/120.html]
[sjvnindia.com/UploadFiles/NewsPressFiles/2_1582173170.jpg]
[sjvn.nic.in/latest-updates-detail/1878/120.html]
[sjvn.nic.in/latest-updates-detail/1877/120.html]
[sjvnindia.com/UploadFiles/NewsPressFiles/Sh NL Sharma inaugrates community assests in Kinnaur (1)_1228067631.jpg]
[sjvn.nic.in/latest-updates-detail/1879/120.html]
[sjvnindia.com/UploadFiles/NewsPressFiles/CMD SJVN ADDRESSING POWER CPSU IT MEET_745384161.116.delayed]
[sjvn.nic.in/latest-updates-detail/1876/120.html]
[sjvn.nic.in/latest-updates-detail/1875/120.html]
[sjvn.nic.in/latest-updates-detail/1874/120.html]
[sjvn.nic.in/latest-updates-detail/1873/120.html]
[sjvn.nic.in/latest-updates-detail/1872/120.html]
[sjvn.nic.in/latest-updates-detail/1871/120.html]
[sjvn.nic.in/latest-updates-detail/1870/120.html]
[sjvn.nic.in/latest-updates-detail/1869/120.html]
[sjvn.nic.in/latest-updates-detail/1868/120.html]
[sjvn.nic.in/latest-updates-detail/1867/120.html]
[sjvn.nic.in/latest-updates-detail/1866/120.html]
[sjvn.nic.in/latest-updates-detail/1865/120.html]
[sjvn.nic.in/latest-updates-detail/1864/120.html]
[sjvn.nic.in/latest-updates-detail/1863/120.html]
[sjvn.nic.in/latest-updates-detail/1862/120.html]
[sjvn.nic.in/latest-updates-detail/1861/120.html]
[sjvn.nic.in/latest-updates-detail/1857/120.html]
[sjvn.nic.in/latest-updates-detail/1860/120.html]
[sjvn.nic.in/latest-updates-detail/1859/120.html]
[sjvn.nic.in/latest-updates-detail/1858/120.html]
[sjvn.nic.in/latest-updates-detail/1856/120.html]
[sjvn.nic.in/latest-updates-detail/1816/120.html]
[sjvn.nic.in/latest-updates-detail/1817/120.html]
[sjvn.nic.in/latest-updates-detail/1818/120.html]
[sjvn.nic.in/latest-updates-detail/1819/120.html]
[sjvn.nic.in/latest-updates-detail/1824/120.html]
[sjvn.nic.in/latest-updates-detail/1762/120.html]
[sjvn.nic.in/latest-updates-detail/1771/120.html]
[sjvn.nic.in/latest-updates-detail/1811/120.html]
[sjvn.nic.in/latest-updates-detail/1810/120.html]
[sjvn.nic.in/latest-updates-detail/1809/120.html]
[sjvn.nic.in/latest-updates-detail/1808/120.html]
[sjvn.nic.in/latest-updates-detail/1807/120.html]
[sjvn.nic.in/latest-updates-detail/1806/120.html]
[sjvn.nic.in/latest-updates-detail/1805/120.html]
[sjvn.nic.in/latest-updates-detail/1801/120.html]
[sjvn.nic.in/latest-updates-detail/1799/120.html]
[sjvn.nic.in/latest-updates-detail/1798/120.html]
[sjvn.nic.in/latest-updates-detail/1773/120.html]
[sjvn.nic.in/latest-updates-detail/1774/120.html]
[sjvn.nic.in/latest-updates-detail/1776/120.html]
[sjvn.nic.in/latest-updates-detail/1785/120.html]
[sjvn.nic.in/latest-updates-detail/1782/120.html]
[sjvn.nic.in/latest-updates-detail/1769/120.html]
[sjvn.nic.in/latest-updates-detail/278/120.html]
[sjvn.nic.in/latest-updates-detail/282/120.html]
[sjvn.nic.in/latest-updates/120.html]
[sjvn.nic.in/notification/0.html]
[sjvn.nic.in/thermalpower/27.html]
[sjvn.nic.in/hydropower/28.html]
[sjvn.nic.in/windpower/29.html]
[sjvn.nic.in/solarpower/30.html]
[sjvn.nic.in/powertransmission/31.html]
[sjvn.nic.in/consultancy/32.html]
[sjvn.nic.in/rti/88.html]
[sjvn.nic.in/integrity-pact/92.html]
[sjvn.nic.in/tender-notice/97.html]
[sjvn.nic.in/formsandformats/111.html]
[sjvn.nic.in/current-jobs/117.html]
[sjvn.nic.in/Footer/GetPCMM.html]
[sjvn.nic.in/assets/fonts-icon/icomoon4fa7.svg]
[sjvn.nic.in/assets/fonts-icon/menu-iconefe6.svg]
[sjvn.nic.in/assets/fonts-icon/iconlist8f65.svg]
[sjvn.nic.in/assets/css/custom/common.css]
[sjvn.nic.in/screen-reader-access.html]
[sjvn.nic.in/Home.html]
